============================= test session starts =============================
platform win32 -- Python 3.12.10, pytest-9.0.2, pluggy-1.6.0 -- C:\Users\dvdze\AppData\Local\Programs\Python\Python312\python.exe
cachedir: .pytest_cache
rootdir: C:\Users\dvdze\Documents\_Python\Dev\ZEN_AI_RAG
configfile: pytest.ini
testpaths: tests
plugins: anyio-4.12.1, asyncio-1.3.0, base-url-2.1.0, cov-7.0.0, mock-3.15.1, playwright-0.7.2, timeout-2.4.0, respx-0.22.0, typeguard-4.4.4
asyncio: mode=Mode.AUTO, debug=False, asyncio_default_fixture_loop_scope=session, asyncio_default_test_loop_scope=function
timeout: 30.0s
timeout method: thread
timeout func_only: False
collecting ... 
----------------------------- live log collection -----------------------------
2026-02-03 17:14:42 [    INFO] [Config] Redirected MODEL_DIR to store: C:\AI\Models (config_system.py:192)
2026-02-03 17:14:45 [    INFO] Loading faiss with AVX512 support. (loader.py:120)
2026-02-03 17:14:45 [    INFO] Could not load library with AVX512 support due to:
ModuleNotFoundError("No module named 'faiss.swigfaiss_avx512'") (loader.py:125)
2026-02-03 17:14:45 [    INFO] Loading faiss with AVX2 support. (loader.py:132)
2026-02-03 17:14:45 [    INFO] Successfully loaded faiss with AVX2 support. (loader.py:134)
2026-02-03 17:14:46 [    INFO] [AsyncBackend] Initialized with API: http://127.0.0.1:8001/v1/chat/completions (async_backend.py:25)
2026-02-03 17:14:46 [    INFO] [ResourceManager] Strategy: PARALLEL (Total: 91.6GB, Avail: 61.1GB) (resource_manager.py:137)
2026-02-03 17:14:46 [    INFO] [ChatHistory] Initialized with max 100 messages (state_management.py:66)
collected 570 items / 1 error / 1 skipped

=================================== ERRORS ====================================
_______________ ERROR collecting tests/test_swarm_arbitrator.py _______________
ImportError while importing test module 'C:\Users\dvdze\Documents\_Python\Dev\ZEN_AI_RAG\tests\test_swarm_arbitrator.py'.
Hint: make sure your test modules/packages have valid Python names.
Traceback:
..\..\..\..\AppData\Local\Programs\Python\Python312\Lib\importlib\__init__.py:90: in import_module
    return _bootstrap._gcd_import(name[level:], package, level)
           ^^^^^^^^^^^^^^^^^^^^^^^^^^^^^^^^^^^^^^^^^^^^^^^^^^^^
tests\test_swarm_arbitrator.py:17: in <module>
    from zena_mode.swarm_arbitrator import (
E   ImportError: cannot import name 'ArbitrationRequest' from 'zena_mode.swarm_arbitrator' (C:\Users\dvdze\Documents\_Python\Dev\ZEN_AI_RAG\zena_mode\swarm_arbitrator.py)
============================== warnings summary ===============================
tests\test_feature_wiring.py:1
  C:\Users\dvdze\Documents\_Python\Dev\ZEN_AI_RAG\tests\test_feature_wiring.py:1: PytestWarning: usefixtures() in tests/test_feature_wiring.py::TestFeatureWiring::test_asgi_has_health_endpoint without arguments has no effect
    # -*- coding: utf-8 -*-

tests\test_feature_wiring.py:1
  C:\Users\dvdze\Documents\_Python\Dev\ZEN_AI_RAG\tests\test_feature_wiring.py:1: PytestWarning: usefixtures() in tests/test_feature_wiring.py::TestFeatureWiring::test_asgi_has_model_list_endpoint without arguments has no effect
    # -*- coding: utf-8 -*-

tests\test_feature_wiring.py:1
  C:\Users\dvdze\Documents\_Python\Dev\ZEN_AI_RAG\tests\test_feature_wiring.py:1: PytestWarning: usefixtures() in tests/test_feature_wiring.py::TestFeatureWiring::test_asgi_has_stt_endpoint without arguments has no effect
    # -*- coding: utf-8 -*-

tests\test_feature_wiring.py:1
  C:\Users\dvdze\Documents\_Python\Dev\ZEN_AI_RAG\tests\test_feature_wiring.py:1: PytestWarning: usefixtures() in tests/test_feature_wiring.py::TestFeatureWiring::test_asgi_has_tts_endpoint without arguments has no effect
    # -*- coding: utf-8 -*-

tests\test_feature_wiring.py:1
  C:\Users\dvdze\Documents\_Python\Dev\ZEN_AI_RAG\tests\test_feature_wiring.py:1: PytestWarning: usefixtures() in tests/test_feature_wiring.py::TestFeatureWiring::test_help_docs_indexed_on_startup without arguments has no effect
    # -*- coding: utf-8 -*-

tests\test_feature_wiring.py:1
  C:\Users\dvdze\Documents\_Python\Dev\ZEN_AI_RAG\tests\test_feature_wiring.py:1: PytestWarning: usefixtures() in tests/test_feature_wiring.py::TestFeatureWiring::test_model_switch_button_exists without arguments has no effect
    # -*- coding: utf-8 -*-

tests\test_feature_wiring.py:1
  C:\Users\dvdze\Documents\_Python\Dev\ZEN_AI_RAG\tests\test_feature_wiring.py:1: PytestWarning: usefixtures() in tests/test_feature_wiring.py::TestFeatureWiring::test_new_chat_button_exists without arguments has no effect
    # -*- coding: utf-8 -*-

tests\test_feature_wiring.py:1
  C:\Users\dvdze\Documents\_Python\Dev\ZEN_AI_RAG\tests\test_feature_wiring.py:1: PytestWarning: usefixtures() in tests/test_feature_wiring.py::TestFeatureWiring::test_quality_dashboard_exists without arguments has no effect
    # -*- coding: utf-8 -*-

tests\test_feature_wiring.py:1
  C:\Users\dvdze\Documents\_Python\Dev\ZEN_AI_RAG\tests\test_feature_wiring.py:1: PytestWarning: usefixtures() in tests/test_feature_wiring.py::TestFeatureWiring::test_rag_dialog_exists without arguments has no effect
    # -*- coding: utf-8 -*-

tests\test_feature_wiring.py:1
  C:\Users\dvdze\Documents\_Python\Dev\ZEN_AI_RAG\tests\test_feature_wiring.py:1: PytestWarning: usefixtures() in tests/test_feature_wiring.py::TestFeatureWiring::test_settings_dialog_wired without arguments has no effect
    # -*- coding: utf-8 -*-

tests\test_feature_wiring.py:1
  C:\Users\dvdze\Documents\_Python\Dev\ZEN_AI_RAG\tests\test_feature_wiring.py:1: PytestWarning: usefixtures() in tests/test_feature_wiring.py::TestFeatureWiring::test_tutorial_button_exists_in_ui without arguments has no effect
    # -*- coding: utf-8 -*-

tests\test_feature_wiring.py:1
  C:\Users\dvdze\Documents\_Python\Dev\ZEN_AI_RAG\tests\test_feature_wiring.py:1: PytestWarning: usefixtures() in tests/test_feature_wiring.py::TestFeatureWiring::test_tutorial_button_has_id without arguments has no effect
    # -*- coding: utf-8 -*-

tests\test_feature_wiring.py:1
  C:\Users\dvdze\Documents\_Python\Dev\ZEN_AI_RAG\tests\test_feature_wiring.py:1: PytestWarning: usefixtures() in tests/test_feature_wiring.py::TestFeatureWiring::test_voice_lab_button_points_to_correct_url without arguments has no effect
    # -*- coding: utf-8 -*-

tests\test_feature_wiring.py:1
  C:\Users\dvdze\Documents\_Python\Dev\ZEN_AI_RAG\tests\test_feature_wiring.py:1: PytestWarning: usefixtures() in tests/test_feature_wiring.py::TestFeatureWiring::test_voice_lab_endpoint_exists without arguments has no effect
    # -*- coding: utf-8 -*-

tests\test_feature_wiring.py:1
  C:\Users\dvdze\Documents\_Python\Dev\ZEN_AI_RAG\tests\test_feature_wiring.py:1: PytestWarning: usefixtures() in tests/test_feature_wiring.py::TestUIElementIDs::test_critical_ui_ids_defined without arguments has no effect
    # -*- coding: utf-8 -*-

tests\test_feature_wiring.py:1
  C:\Users\dvdze\Documents\_Python\Dev\ZEN_AI_RAG\tests\test_feature_wiring.py:1: PytestWarning: usefixtures() in tests/test_feature_wiring.py::TestImportIntegrity::test_imported_help_system_is_used without arguments has no effect
    # -*- coding: utf-8 -*-

tests\test_feature_wiring.py:1
  C:\Users\dvdze\Documents\_Python\Dev\ZEN_AI_RAG\tests\test_feature_wiring.py:1: PytestWarning: usefixtures() in tests/test_feature_wiring.py::TestImportIntegrity::test_imported_tutorial_is_used without arguments has no effect
    # -*- coding: utf-8 -*-

-- Docs: https://docs.pytest.org/en/stable/how-to/capture-warnings.html
=========================== short test summary info ===========================
ERROR tests/test_swarm_arbitrator.py
!!!!!!!!!!!!!!!!!!! Interrupted: 1 error during collection !!!!!!!!!!!!!!!!!!!!
================== 1 skipped, 17 warnings, 1 error in 5.77s ===================
